Pacifist: compatibility.base:
{
  extra: {
    main_menu_simulations: {
      1: nauvis_mining_defense
      2: nauvis_artillery
      3: nauvis_biter_base_spidertron
      4: nauvis_biter_base_artillery
      5: nauvis_biter_base_laser_defense
      6: nauvis_biter_base_player_attack
      7: nauvis_biter_base_steamrolled
      8: nauvis_chase_player
      9: nauvis_big_defense
      10: nauvis_brutal_defeat
    }
    tool: {
      1: military-science-pack
    }
    tips_and_tricks_items: {
      1: shoot-targeting
    }
  }
  preprocess: {
    1: function
    2: function
  }
}
Pacifist: compatibility.pyalienlife:
{
  exceptions: {
    entity: {
      1: chorkok
      2: gobachov
      3: huzu
      4: caravan
      5: flyavan
      6: fluidavan
      7: caravan-turd
      8: flyavan-turd
      9: fluidavan-turd
      10: digosaurus
      11: thikat
      12: work-o-dile
      13: digosaurus-turd
      14: thikat-turd
      15: work-o-dile-turd
      16: ocula
      17: aerial-blimp-mk01
      18: aerial-blimp-mk02
      19: aerial-blimp-mk03
      20: aerial-blimp-mk04
    }
    technology: {
      1: arthurian-upgrade
      2: compost-upgrade
      3: domestication-mk04
      4: genlab-upgrade
      5: ralesia-upgrade
    }
  }
  extra: {
    technology: {
      1: personal-laser-defense-equipment
    }
  }
  preprocess: {
    1: function
    2: function
    3: function
    4: function
  }
}
Pacifist: compatibility.pycoalprocessing:
{
  extra: {
    technology: {
    }
  }
  preprocess: {
    1: function
    2: function
  }
}
Pacifist: compatibility.pyhightech:
{
  exceptions: {
    technology: {
      1: space-science-pack
    }
  }
  preprocess: {
    1: function
  }
}
Pacifist: compatibility.pyindustry:
{
  extra: {
    get_derived_recipes: function
  }
}
Pacifist: settings:
{
  remove_walls: false
  remove_shields: true
  remove_armor: true
  remove_tank: false
  remove_pollution: true
}
Pacifist: config:
{
  exceptions: {
    ammo: {
    }
    capsule: {
    }
    entity: {
      1: chorkok
      2: gobachov
      3: huzu
      4: caravan
      5: flyavan
      6: fluidavan
      7: caravan-turd
      8: flyavan-turd
      9: fluidavan-turd
      10: digosaurus
      11: thikat
      12: work-o-dile
      13: digosaurus-turd
      14: thikat-turd
      15: work-o-dile-turd
      16: ocula
      17: aerial-blimp-mk01
      18: aerial-blimp-mk02
      19: aerial-blimp-mk03
      20: aerial-blimp-mk04
    }
    equipment: {
    }
    gun: {
    }
    technology: {
      1: arthurian-upgrade
      2: compost-upgrade
      3: domestication-mk04
      4: genlab-upgrade
      5: ralesia-upgrade
      6: space-science-pack
    }
  }
  extra: {
    entity: {
    }
    ammo: {
    }
    gun: {
    }
    get_derived_items: {
    }
    get_derived_recipes: {
      1: function
    }
    main_menu_simulations: {
      1: nauvis_mining_defense
      2: nauvis_artillery
      3: nauvis_biter_base_spidertron
      4: nauvis_biter_base_artillery
      5: nauvis_biter_base_laser_defense
      6: nauvis_biter_base_player_attack
      7: nauvis_biter_base_steamrolled
      8: nauvis_chase_player
      9: nauvis_big_defense
      10: nauvis_brutal_defeat
    }
    technology: {
      1: personal-laser-defense-equipment
    }
    tips_and_tricks_items: {
      1: shoot-targeting
    }
    tool: {
      1: military-science-pack
    }
  }
  preprocess: {
    1: function
    2: function
    3: function
    4: function
    5: function
    6: function
    7: function
    8: function
    9: function
  }
  types: {
    military_entities: {
      1: ammo-turret
      2: artillery-turret
      3: artillery-wagon
      4: combat-robot
      5: electric-turret
      6: fluid-turret
      7: land-mine
      8: segmented-unit
      9: segment
      10: spider-unit
      11: turret
      12: unit
      13: unit-spawner
    }
    military_equipment: {
      1: active-defense-equipment
      2: energy-shield-equipment
    }
    military_effects: {
      1: ammo-damage
      2: artillery-range
      3: gun-speed
      4: follower-robot-lifetime
      5: maximum-following-robots-count
      6: turret-attack
    }
  }
  run_mod_preprocessing: function
}
Pacifist: Moved unlocking of recipe grenade to technology cliff-explosives
Pacifist: Recipes: removing ingredient energy-shield-mk2-equipment from recipe spidertron
Pacifist: Recipes: removing ingredient energy-shield-mk2-equipment from recipe spidertron-earth-sample-turd
Pacifist: Moved unlocking of recipe personal-laser-defense-equipment from personal-laser-defense-equipment to genlab-upgrade
Pacifist: Moved unlocking of recipe poison-capsule from military-3 to bioreactor-upgrade
Pacifist: Recipes: removing ingredient gun-turret from recipe zungror-lair-mk01
Pacifist: Moved unlocking of recipe gun-powder from military to cliff-explosives
Pacifist: DataRaw: removing [tips-and-tricks-item][shoot-targeting]: extra.tips_and_tricks_items
Pacifist: cleaning up: 954 technologies remaining
Pacifist: cleaning up: 945 technologies remaining
Pacifist: cleaning up: 937 technologies remaining
Pacifist: cleaning up: 925 technologies remaining
Pacifist: cleaning up: 920 technologies remaining
Pacifist: cleaning up: 916 technologies remaining
Pacifist: cleaning up: 905 technologies remaining
Pacifist: cleaning up: 897 technologies remaining
Pacifist: cleaning up: 896 technologies remaining
Pacifist: cleaning up: 894 technologies remaining
Pacifist: cleaning up: 891 technologies remaining
Pacifist: cleaning up: 869 technologies remaining
Pacifist: cleaning up: 867 technologies remaining
Pacifist: cleaning up: 853 technologies remaining
Pacifist: cleaning up: 845 technologies remaining
Pacifist: cleaning up: 843 technologies remaining
Pacifist: cleaning up: 841 technologies remaining
Pacifist: cleaning up: 831 technologies remaining
Pacifist: cleaning up: 814 technologies remaining
Pacifist: cleaning up: 812 technologies remaining
Pacifist: cleaning up: 776 technologies remaining
Pacifist: cleaning up: 756 technologies remaining
Pacifist: cleaning up: 751 technologies remaining
Pacifist: cleaning up: 745 technologies remaining
Pacifist: cleaning up: 731 technologies remaining
Pacifist: cleaning up: 725 technologies remaining
Pacifist: cleaning up: 715 technologies remaining
Pacifist: cleaning up: 709 technologies remaining
Pacifist: cleaning up: 706 technologies remaining
Pacifist: cleaning up: 700 technologies remaining
Pacifist: cleaning up: 687 technologies remaining
Pacifist: cleaning up: 666 technologies remaining
Pacifist: cleaning up: 653 technologies remaining
Pacifist: cleaning up: 649 technologies remaining
Pacifist: cleaning up: 641 technologies remaining
Pacifist: cleaning up: 634 technologies remaining
Pacifist: cleaning up: 630 technologies remaining
Pacifist: cleaning up: 617 technologies remaining
Pacifist: cleaning up: 515 technologies remaining
Pacifist: cleaning up: 450 technologies remaining
Pacifist: cleaning up: 425 technologies remaining
Pacifist: cleaning up: 383 technologies remaining
Pacifist: cleaning up: 361 technologies remaining
Pacifist: cleaning up: 347 technologies remaining
Pacifist: cleaning up: 324 technologies remaining
Pacifist: cleaning up: 251 technologies remaining
Pacifist: cleaning up: 214 technologies remaining
Pacifist: cleaning up: 211 technologies remaining
Pacifist: cleaning up: 199 technologies remaining
Pacifist: cleaning up: 178 technologies remaining
Pacifist: cleaning up: 126 technologies remaining
Pacifist: cleaning up: 57 technologies remaining
Pacifist: cleaning up: 36 technologies remaining
Pacifist: cleaning up: 23 technologies remaining
Pacifist: cleaning up: 3 technologies remaining
Pacifist: DataRaw: removing [technology][physical-projectile-damage-1]: technologies to remove
Pacifist: DataRaw: removing [technology][physical-projectile-damage-2]: technologies to remove
Pacifist: DataRaw: removing [technology][weapon-shooting-speed-1]: technologies to remove
Pacifist: DataRaw: removing [technology][weapon-shooting-speed-2]: technologies to remove
Pacifist: DataRaw: removing [technology][stronger-explosives-1]: technologies to remove
Pacifist: DataRaw: removing [technology][physical-projectile-damage-3]: technologies to remove
Pacifist: DataRaw: removing [technology][physical-projectile-damage-4]: technologies to remove
Pacifist: DataRaw: removing [technology][physical-projectile-damage-5]: technologies to remove
Pacifist: DataRaw: removing [technology][physical-projectile-damage-6]: technologies to remove
Pacifist: DataRaw: removing [technology][physical-projectile-damage-7]: technologies to remove
Pacifist: DataRaw: removing [technology][stronger-explosives-2]: technologies to remove
Pacifist: DataRaw: removing [technology][stronger-explosives-3]: technologies to remove
Pacifist: DataRaw: removing [technology][stronger-explosives-4]: technologies to remove
Pacifist: DataRaw: removing [technology][stronger-explosives-5]: technologies to remove
Pacifist: DataRaw: removing [technology][stronger-explosives-6]: technologies to remove
Pacifist: DataRaw: removing [technology][stronger-explosives-7]: technologies to remove
Pacifist: DataRaw: removing [technology][refined-flammables-1]: technologies to remove
Pacifist: DataRaw: removing [technology][refined-flammables-2]: technologies to remove
Pacifist: DataRaw: removing [technology][refined-flammables-3]: technologies to remove
Pacifist: DataRaw: removing [technology][refined-flammables-4]: technologies to remove
Pacifist: DataRaw: removing [technology][refined-flammables-5]: technologies to remove
Pacifist: DataRaw: removing [technology][refined-flammables-6]: technologies to remove
Pacifist: DataRaw: removing [technology][refined-flammables-7]: technologies to remove
Pacifist: DataRaw: removing [technology][laser-weapons-damage-1]: technologies to remove
Pacifist: DataRaw: removing [technology][laser-weapons-damage-2]: technologies to remove
Pacifist: DataRaw: removing [technology][laser-weapons-damage-3]: technologies to remove
Pacifist: DataRaw: removing [technology][laser-weapons-damage-4]: technologies to remove
Pacifist: DataRaw: removing [technology][laser-weapons-damage-5]: technologies to remove
Pacifist: DataRaw: removing [technology][laser-weapons-damage-6]: technologies to remove
Pacifist: DataRaw: removing [technology][laser-weapons-damage-7]: technologies to remove
Pacifist: DataRaw: removing [technology][weapon-shooting-speed-3]: technologies to remove
Pacifist: DataRaw: removing [technology][weapon-shooting-speed-4]: technologies to remove
Pacifist: DataRaw: removing [technology][weapon-shooting-speed-5]: technologies to remove
Pacifist: DataRaw: removing [technology][weapon-shooting-speed-6]: technologies to remove
Pacifist: DataRaw: removing [technology][laser-shooting-speed-1]: technologies to remove
Pacifist: DataRaw: removing [technology][laser-shooting-speed-2]: technologies to remove
Pacifist: DataRaw: removing [technology][laser-shooting-speed-3]: technologies to remove
Pacifist: DataRaw: removing [technology][laser-shooting-speed-4]: technologies to remove
Pacifist: DataRaw: removing [technology][laser-shooting-speed-5]: technologies to remove
Pacifist: DataRaw: removing [technology][laser-shooting-speed-6]: technologies to remove
Pacifist: DataRaw: removing [technology][laser-shooting-speed-7]: technologies to remove
Pacifist: DataRaw: removing [technology][artillery-shell-range-1]: technologies to remove
Pacifist: DataRaw: removing [technology][artillery-shell-speed-1]: technologies to remove
Pacifist: DataRaw: removing [technology][follower-robot-count-1]: technologies to remove
Pacifist: DataRaw: removing [technology][follower-robot-count-2]: technologies to remove
Pacifist: DataRaw: removing [technology][follower-robot-count-3]: technologies to remove
Pacifist: DataRaw: removing [technology][follower-robot-count-4]: technologies to remove
Pacifist: DataRaw: removing [technology][follower-robot-count-5]: technologies to remove
Pacifist: DataRaw: removing [technology][military]: technologies to remove
Pacifist: DataRaw: removing [technology][military-2]: technologies to remove
Pacifist: DataRaw: removing [technology][gun-turret]: technologies to remove
Pacifist: DataRaw: removing [technology][military-science-pack]: technologies to remove
Pacifist: DataRaw: removing [technology][military-3]: technologies to remove
Pacifist: DataRaw: removing [technology][military-4]: technologies to remove
Pacifist: DataRaw: removing [technology][uranium-ammo]: technologies to remove
Pacifist: DataRaw: removing [technology][atomic-bomb]: technologies to remove
Pacifist: DataRaw: removing [technology][land-mine]: technologies to remove
Pacifist: DataRaw: removing [technology][flamethrower]: technologies to remove
Pacifist: DataRaw: removing [technology][rocketry]: technologies to remove
Pacifist: DataRaw: removing [technology][explosive-rocketry]: technologies to remove
Pacifist: DataRaw: removing [technology][energy-shield-equipment]: technologies to remove
Pacifist: DataRaw: removing [technology][energy-shield-mk2-equipment]: technologies to remove
Pacifist: DataRaw: removing [technology][personal-laser-defense-equipment]: technologies to remove
Pacifist: DataRaw: removing [technology][discharge-defense-equipment]: technologies to remove
Pacifist: DataRaw: removing [technology][defender]: technologies to remove
Pacifist: DataRaw: removing [technology][distractor]: technologies to remove
Pacifist: DataRaw: removing [technology][destroyer]: technologies to remove
Pacifist: DataRaw: removing [technology][artillery]: technologies to remove
Pacifist: DataRaw: removing [technology][artillery-2]: technologies to remove
Pacifist: DataRaw: removing [technology][artillery-shell-range-2]: technologies to remove
Pacifist: DataRaw: removing [technology][artillery-shell-range-3]: technologies to remove
Pacifist: DataRaw: removing [technology][artillery-shell-range-4]: technologies to remove
Pacifist: DataRaw: removing [technology][artillery-shell-range-5]: technologies to remove
Pacifist: DataRaw: removing [technology][artillery-shell-range-6]: technologies to remove
Pacifist: DataRaw: removing [technology][artillery-shell-range-7]: technologies to remove
Pacifist: DataRaw: removing [technology][artillery-shell-range-8]: technologies to remove
Pacifist: DataRaw: removing [technology][artillery-shell-range-9]: technologies to remove
Pacifist: DataRaw: removing [technology][artillery-shell-range-10]: technologies to remove
Pacifist: DataRaw: removing [technology][artillery-shell-range-11]: technologies to remove
Pacifist: DataRaw: removing [technology][artillery-shell-range-12]: technologies to remove
Pacifist: DataRaw: removing [technology][artillery-shell-range-13]: technologies to remove
Pacifist: DataRaw: removing [recipe][energy-shield-equipment]: marked for removal
Pacifist: DataRaw: removing [recipe][energy-shield-mk2-equipment]: marked for removal
Pacifist: DataRaw: removing [recipe][discharge-defense-equipment]: marked for removal
Pacifist: DataRaw: removing [recipe][flamethrower-turret]: marked for removal
Pacifist: DataRaw: removing [recipe][artillery-turret]: marked for removal
Pacifist: DataRaw: removing [recipe][gun-turret]: marked for removal
Pacifist: DataRaw: removing [recipe][pistol]: marked for removal
Pacifist: DataRaw: removing [recipe][submachine-gun]: marked for removal
Pacifist: DataRaw: removing [recipe][firearm-magazine]: marked for removal
Pacifist: DataRaw: removing [recipe][shotgun]: marked for removal
Pacifist: DataRaw: removing [recipe][shotgun-shell]: marked for removal
Pacifist: DataRaw: removing [recipe][piercing-rounds-magazine]: marked for removal
Pacifist: DataRaw: removing [recipe][slowdown-capsule]: marked for removal
Pacifist: DataRaw: removing [recipe][cluster-grenade]: marked for removal
Pacifist: DataRaw: removing [recipe][defender-capsule]: marked for removal
Pacifist: DataRaw: removing [recipe][distractor-capsule]: marked for removal
Pacifist: DataRaw: removing [recipe][destroyer-capsule]: marked for removal
Pacifist: DataRaw: removing [recipe][uranium-rounds-magazine]: marked for removal
Pacifist: DataRaw: removing [recipe][rocket]: marked for removal
Pacifist: DataRaw: removing [recipe][explosive-rocket]: marked for removal
Pacifist: DataRaw: removing [recipe][atomic-bomb]: marked for removal
Pacifist: DataRaw: removing [recipe][piercing-shotgun-shell]: marked for removal
Pacifist: DataRaw: removing [recipe][cannon-shell]: marked for removal
Pacifist: DataRaw: removing [recipe][explosive-cannon-shell]: marked for removal
Pacifist: DataRaw: removing [recipe][uranium-cannon-shell]: marked for removal
Pacifist: DataRaw: removing [recipe][explosive-uranium-cannon-shell]: marked for removal
Pacifist: DataRaw: removing [recipe][artillery-shell]: marked for removal
Pacifist: DataRaw: removing [recipe][flamethrower-ammo]: marked for removal
Pacifist: DataRaw: removing [recipe][artillery-wagon]: marked for removal
Pacifist: DataRaw: removing [recipe][flamethrower]: marked for removal
Pacifist: DataRaw: removing [recipe][land-mine]: marked for removal
Pacifist: DataRaw: removing [recipe][rocket-launcher]: marked for removal
Pacifist: DataRaw: removing [recipe][combat-shotgun]: marked for removal
Pacifist: DataRaw: removing [recipe][military-science-pack]: marked for removal
Pacifist: DataRaw: removing [recipe][nukavan]: marked for removal
Pacifist: DataRaw: removing [recipe][dragon-breath-ammo]: marked for removal
Pacifist: DataRaw: removing [recipe][nuclear-artillery-shell]: marked for removal
Pacifist: DataRaw: removing [recipe][nukavan-earth-sample-turd]: marked for removal
Pacifist: DataRaw: removing [recipe][nukavan-turd]: marked for removal
Pacifist: DataRaw: removing [recipe][nukavan-convert-from-base]: marked for removal
Pacifist: DataRaw: removing [recipe][uranium-rounds-magazine-pyvoid]: marked for removal
Pacifist: DataRaw: removing [recipe][flamethrower-ammo-pyvoid]: marked for removal
Pacifist: DataRaw: removing [recipe][rocket-pyvoid]: marked for removal
Pacifist: DataRaw: removing [recipe][explosive-rocket-pyvoid]: marked for removal
Pacifist: DataRaw: removing [recipe][atomic-bomb-pyvoid]: marked for removal
Pacifist: DataRaw: removing [recipe][piercing-shotgun-shell-pyvoid]: marked for removal
Pacifist: DataRaw: removing [recipe][cannon-shell-pyvoid]: marked for removal
Pacifist: DataRaw: removing [recipe][explosive-cannon-shell-pyvoid]: marked for removal
Pacifist: DataRaw: removing [recipe][uranium-cannon-shell-pyvoid]: marked for removal
Pacifist: DataRaw: removing [recipe][explosive-uranium-cannon-shell-pyvoid]: marked for removal
Pacifist: DataRaw: removing [recipe][artillery-shell-pyvoid]: marked for removal
Pacifist: DataRaw: removing [recipe][firearm-magazine-pyvoid]: marked for removal
Pacifist: DataRaw: removing [recipe][piercing-rounds-magazine-pyvoid]: marked for removal
Pacifist: DataRaw: removing [recipe][shotgun-shell-pyvoid]: marked for removal
Pacifist: DataRaw: removing [recipe][dragon-breath-ammo-pyvoid]: marked for removal
Pacifist: DataRaw: removing [recipe][nuclear-artillery-shell-pyvoid]: marked for removal
Pacifist: DataRaw: removing [recipe][defender-capsule-pyvoid]: marked for removal
Pacifist: DataRaw: removing [recipe][cluster-grenade-pyvoid]: marked for removal
Pacifist: DataRaw: removing [recipe][slowdown-capsule-pyvoid]: marked for removal
Pacifist: DataRaw: removing [recipe][distractor-capsule-pyvoid]: marked for removal
Pacifist: DataRaw: removing [recipe][destroyer-capsule-pyvoid]: marked for removal
Pacifist: DataRaw: removing [recipe][discharge-defense-remote-pyvoid]: marked for removal
Pacifist: DataRaw: removing [recipe][artillery-targeting-remote-pyvoid]: marked for removal
Pacifist: DataRaw: removing [recipe][flamethrower-pyvoid]: marked for removal
Pacifist: DataRaw: removing [recipe][tank-machine-gun-pyvoid]: marked for removal
Pacifist: DataRaw: removing [recipe][tank-flamethrower-pyvoid]: marked for removal
Pacifist: DataRaw: removing [recipe][rocket-launcher-pyvoid]: marked for removal
Pacifist: DataRaw: removing [recipe][combat-shotgun-pyvoid]: marked for removal
Pacifist: DataRaw: removing [recipe][tank-cannon-pyvoid]: marked for removal
Pacifist: DataRaw: removing [recipe][artillery-wagon-cannon-pyvoid]: marked for removal
Pacifist: DataRaw: removing [recipe][spidertron-rocket-launcher-1-pyvoid]: marked for removal
Pacifist: DataRaw: removing [recipe][spidertron-rocket-launcher-2-pyvoid]: marked for removal
Pacifist: DataRaw: removing [recipe][spidertron-rocket-launcher-3-pyvoid]: marked for removal
Pacifist: DataRaw: removing [recipe][spidertron-rocket-launcher-4-pyvoid]: marked for removal
Pacifist: DataRaw: removing [recipe][pistol-pyvoid]: marked for removal
Pacifist: DataRaw: removing [recipe][submachine-gun-pyvoid]: marked for removal
Pacifist: DataRaw: removing [recipe][vehicle-machine-gun-pyvoid]: marked for removal
Pacifist: DataRaw: removing [recipe][shotgun-pyvoid]: marked for removal
Pacifist: DataRaw: removing [recipe][dragon-breath-pyvoid]: marked for removal
Pacifist: DataRaw: removing [recipe][artillery-wagon-pyvoid]: marked for removal
Pacifist: DataRaw: removing [recipe][land-mine-pyvoid]: marked for removal
Pacifist: DataRaw: removing [recipe][energy-shield-equipment-pyvoid]: marked for removal
Pacifist: DataRaw: removing [recipe][energy-shield-mk2-equipment-pyvoid]: marked for removal
Pacifist: DataRaw: removing [recipe][discharge-defense-equipment-pyvoid]: marked for removal
Pacifist: DataRaw: removing [recipe][gun-turret-pyvoid]: marked for removal
Pacifist: DataRaw: removing [recipe][flamethrower-turret-pyvoid]: marked for removal
Pacifist: DataRaw: removing [recipe][artillery-turret-pyvoid]: marked for removal
Pacifist: DataRaw: removing [recipe][military-science-pack-pyvoid]: marked for removal
Pacifist: DataRaw: removing [item][land-mine]: item marked for removal
Pacifist: DataRaw: removing [item][energy-shield-equipment]: item marked for removal
Pacifist: DataRaw: removing [item][energy-shield-mk2-equipment]: item marked for removal
Pacifist: DataRaw: removing [item][discharge-defense-equipment]: item marked for removal
Pacifist: DataRaw: removing [item][gun-turret]: item marked for removal
Pacifist: DataRaw: removing [item][flamethrower-turret]: item marked for removal
Pacifist: DataRaw: removing [item][artillery-turret]: item marked for removal
Pacifist: DataRaw: removing [ammo][uranium-rounds-magazine]: item marked for removal
Pacifist: DataRaw: removing [ammo][flamethrower-ammo]: item marked for removal
Pacifist: DataRaw: removing [ammo][rocket]: item marked for removal
Pacifist: DataRaw: removing [ammo][explosive-rocket]: item marked for removal
Pacifist: DataRaw: removing [ammo][atomic-bomb]: item marked for removal
Pacifist: DataRaw: removing [ammo][piercing-shotgun-shell]: item marked for removal
Pacifist: DataRaw: removing [ammo][cannon-shell]: item marked for removal
Pacifist: DataRaw: removing [ammo][explosive-cannon-shell]: item marked for removal
Pacifist: DataRaw: removing [ammo][uranium-cannon-shell]: item marked for removal
Pacifist: DataRaw: removing [ammo][explosive-uranium-cannon-shell]: item marked for removal
Pacifist: DataRaw: removing [ammo][artillery-shell]: item marked for removal
Pacifist: DataRaw: removing [ammo][firearm-magazine]: item marked for removal
Pacifist: DataRaw: removing [ammo][piercing-rounds-magazine]: item marked for removal
Pacifist: DataRaw: removing [ammo][shotgun-shell]: item marked for removal
Pacifist: DataRaw: removing [ammo][dragon-breath-ammo]: item marked for removal
Pacifist: DataRaw: removing [ammo][nuclear-artillery-shell]: item marked for removal
Pacifist: DataRaw: removing [capsule][defender-capsule]: item marked for removal
Pacifist: DataRaw: removing [capsule][cluster-grenade]: item marked for removal
Pacifist: DataRaw: removing [capsule][slowdown-capsule]: item marked for removal
Pacifist: DataRaw: removing [capsule][distractor-capsule]: item marked for removal
Pacifist: DataRaw: removing [capsule][destroyer-capsule]: item marked for removal
Pacifist: DataRaw: removing [capsule][discharge-defense-remote]: item marked for removal
Pacifist: DataRaw: removing [capsule][artillery-targeting-remote]: item marked for removal
Pacifist: DataRaw: removing [gun][flamethrower]: item marked for removal
Pacifist: DataRaw: removing [gun][tank-machine-gun]: item marked for removal
Pacifist: DataRaw: removing [gun][tank-flamethrower]: item marked for removal
Pacifist: DataRaw: removing [gun][rocket-launcher]: item marked for removal
Pacifist: DataRaw: removing [gun][combat-shotgun]: item marked for removal
Pacifist: DataRaw: removing [gun][tank-cannon]: item marked for removal
Pacifist: DataRaw: removing [gun][artillery-wagon-cannon]: item marked for removal
Pacifist: DataRaw: removing [gun][spidertron-rocket-launcher-1]: item marked for removal
Pacifist: DataRaw: removing [gun][spidertron-rocket-launcher-2]: item marked for removal
Pacifist: DataRaw: removing [gun][spidertron-rocket-launcher-3]: item marked for removal
Pacifist: DataRaw: removing [gun][spidertron-rocket-launcher-4]: item marked for removal
Pacifist: DataRaw: removing [gun][pistol]: item marked for removal
Pacifist: DataRaw: removing [gun][submachine-gun]: item marked for removal
Pacifist: DataRaw: removing [gun][vehicle-machine-gun]: item marked for removal
Pacifist: DataRaw: removing [gun][shotgun]: item marked for removal
Pacifist: DataRaw: removing [gun][dragon-breath]: item marked for removal
Pacifist: DataRaw: removing [item-with-entity-data][artillery-wagon]: item marked for removal
Pacifist: DataRaw: removing [item-with-tags][nukavan]: item marked for removal
Pacifist: DataRaw: removing [item-with-tags][nukavan-turd]: item marked for removal
Pacifist: DataRaw: removing [tool][military-science-pack]: item marked for removal
Pacifist: DataRaw: removing [custom-input][give-discharge-defense-remote]: spawns removed item discharge-defense-remote
Pacifist: DataRaw: removing [custom-input][give-artillery-targeting-remote]: spawns removed item artillery-targeting-remote
Pacifist: DataRaw: removing [shortcut][give-discharge-defense-remote]: spawns removed item discharge-defense-remote
Pacifist: DataRaw: removing [shortcut][give-artillery-targeting-remote]: spawns removed item artillery-targeting-remote
Pacifist: DataRaw: removing [active-defense-equipment][personal-laser-defense-equipment]: removing all active-defense-equipment
Pacifist: DataRaw: removing [active-defense-equipment][discharge-defense-equipment]: removing all active-defense-equipment
Pacifist: DataRaw: removing [energy-shield-equipment][energy-shield-equipment]: removing all energy-shield-equipment
Pacifist: DataRaw: removing [energy-shield-equipment][energy-shield-mk2-equipment]: removing all energy-shield-equipment
Pacifist: DataRaw: removing [ammo-turret][gun-turret]: remove entity
Pacifist: DataRaw: removing [artillery-turret][artillery-turret]: remove entity
Pacifist: DataRaw: removing [artillery-wagon][artillery-wagon]: remove entity
Pacifist: DataRaw: removing [combat-robot][defender]: remove entity
Pacifist: DataRaw: removing [combat-robot][distractor]: remove entity
Pacifist: DataRaw: removing [combat-robot][destroyer]: remove entity
Pacifist: DataRaw: removing [electric-turret][laser-turret]: remove entity
Pacifist: DataRaw: removing [fluid-turret][flamethrower-turret]: remove entity
Pacifist: DataRaw: removing [land-mine][land-mine]: remove entity
Pacifist: DataRaw: removing [spider-unit][dummy-spider-unit]: remove entity
Pacifist: DataRaw: removing [turret][small-worm-turret]: remove entity
Pacifist: DataRaw: removing [turret][medium-worm-turret]: remove entity
Pacifist: DataRaw: removing [turret][big-worm-turret]: remove entity
Pacifist: DataRaw: removing [turret][behemoth-worm-turret]: remove entity
Pacifist: DataRaw: removing [unit][small-biter]: remove entity
Pacifist: DataRaw: removing [unit][medium-biter]: remove entity
Pacifist: DataRaw: removing [unit][big-biter]: remove entity
Pacifist: DataRaw: removing [unit][behemoth-biter]: remove entity
Pacifist: DataRaw: removing [unit][small-spitter]: remove entity
Pacifist: DataRaw: removing [unit][medium-spitter]: remove entity
Pacifist: DataRaw: removing [unit][big-spitter]: remove entity
Pacifist: DataRaw: removing [unit][behemoth-spitter]: remove entity
Pacifist: DataRaw: removing [unit][nukavan]: remove entity
Pacifist: DataRaw: removing [unit][nukavan-turd]: remove entity
Pacifist: DataRaw: removing [unit-spawner][biter-spawner]: remove entity
Pacifist: DataRaw: removing [unit-spawner][spitter-spawner]: remove entity
Pacifist: DataRaw: removing [projectile][defender-capsule]: remove entity
Pacifist: DataRaw: removing [projectile][distractor-capsule]: remove entity
Pacifist: DataRaw: removing [projectile][destroyer-capsule]: remove entity
Pacifist: DataRaw: removing [corpse][gun-turret-remnants]: remove entity
Pacifist: DataRaw: removing [corpse][artillery-turret-remnants]: remove entity
Pacifist: DataRaw: removing [corpse][artillery-wagon-remnants]: remove entity
Pacifist: DataRaw: removing [corpse][laser-turret-remnants]: remove entity
Pacifist: DataRaw: removing [corpse][flamethrower-turret-remnants]: remove entity
Pacifist: DataRaw: removing [corpse][land-mine-remnants]: remove entity
Pacifist: DataRaw: removing [corpse][small-worm-corpse]: remove entity
Pacifist: DataRaw: removing [corpse][small-worm-corpse-burrowed]: remove entity
Pacifist: DataRaw: removing [corpse][medium-worm-corpse]: remove entity
Pacifist: DataRaw: removing [corpse][medium-worm-corpse-burrowed]: remove entity
Pacifist: DataRaw: removing [corpse][big-worm-corpse]: remove entity
Pacifist: DataRaw: removing [corpse][big-worm-corpse-burrowed]: remove entity
Pacifist: DataRaw: removing [corpse][behemoth-worm-corpse]: remove entity
Pacifist: DataRaw: removing [corpse][behemoth-worm-corpse-burrowed]: remove entity
Pacifist: DataRaw: removing [corpse][small-biter-corpse]: remove entity
Pacifist: DataRaw: removing [corpse][medium-biter-corpse]: remove entity
Pacifist: DataRaw: removing [corpse][big-biter-corpse]: remove entity
Pacifist: DataRaw: removing [corpse][behemoth-biter-corpse]: remove entity
Pacifist: DataRaw: removing [corpse][small-spitter-corpse]: remove entity
Pacifist: DataRaw: removing [corpse][medium-spitter-corpse]: remove entity
Pacifist: DataRaw: removing [corpse][big-spitter-corpse]: remove entity
Pacifist: DataRaw: removing [corpse][behemoth-spitter-corpse]: remove entity
Pacifist: DataRaw: removing [corpse][biter-spawner-corpse]: remove entity
Pacifist: DataRaw: removing [corpse][spitter-spawner-corpse]: remove entity
